---
source: src/convert/tests.rs
expression: output
---
mygauge{kk="v1",otel_scope_name="myscope"} 4.2 <TIMESTAMP>
mygauge{kk="v2",otel_scope_name="myscope"} 4.23 <TIMESTAMP>
