---
source: src/convert/tests.rs
expression: output
---
myhistogram_created{otel_scope_name="myscope"} <START_TIMESTAMP> <TIMESTAMP>
myhistogram_count{kk="v1",otel_scope_name="myscope"} 3 <TIMESTAMP>
myhistogram_sum{kk="v1",otel_scope_name="myscope"} 150.0 <TIMESTAMP>
myhistogram_bucket{kk="v1",otel_scope_name="myscope",le="0.0"} 1 <TIMESTAMP>
myhistogram_bucket{kk="v1",otel_scope_name="myscope",le="5.0"} 1 <TIMESTAMP>
myhistogram_bucket{kk="v1",otel_scope_name="myscope",le="10.0"} 1 <TIMESTAMP>
myhistogram_bucket{kk="v1",otel_scope_name="myscope",le="25.0"} 2 <TIMESTAMP>
myhistogram_bucket{kk="v1",otel_scope_name="myscope",le="50.0"} 2 <TIMESTAMP>
myhistogram_bucket{kk="v1",otel_scope_name="myscope",le="75.0"} 2 <TIMESTAMP>
myhistogram_bucket{kk="v1",otel_scope_name="myscope",le="100.0"} 2 <TIMESTAMP>
myhistogram_bucket{kk="v1",otel_scope_name="myscope",le="250.0"} 3 <TIMESTAMP>
myhistogram_bucket{kk="v1",otel_scope_name="myscope",le="500.0"} 3 <TIMESTAMP>
myhistogram_bucket{kk="v1",otel_scope_name="myscope",le="750.0"} 3 <TIMESTAMP>
myhistogram_bucket{kk="v1",otel_scope_name="myscope",le="1000.0"} 3 <TIMESTAMP>
myhistogram_bucket{kk="v1",otel_scope_name="myscope",le="2500.0"} 3 <TIMESTAMP>
myhistogram_bucket{kk="v1",otel_scope_name="myscope",le="5000.0"} 3 <TIMESTAMP>
myhistogram_bucket{kk="v1",otel_scope_name="myscope",le="7500.0"} 3 <TIMESTAMP>
myhistogram_bucket{kk="v1",otel_scope_name="myscope",le="10000.0"} 3 <TIMESTAMP>
myhistogram_bucket{kk="v1",otel_scope_name="myscope",le="+Inf"} 3 <TIMESTAMP>
myhistogram_count{kk="v2",otel_scope_name="myscope"} 2 <TIMESTAMP>
myhistogram_sum{kk="v2",otel_scope_name="myscope"} 150.0 <TIMESTAMP>
myhistogram_bucket{kk="v2",otel_scope_name="myscope",le="0.0"} 0 <TIMESTAMP>
myhistogram_bucket{kk="v2",otel_scope_name="myscope",le="5.0"} 0 <TIMESTAMP>
myhistogram_bucket{kk="v2",otel_scope_name="myscope",le="10.0"} 0 <TIMESTAMP>
myhistogram_bucket{kk="v2",otel_scope_name="myscope",le="25.0"} 1 <TIMESTAMP>
myhistogram_bucket{kk="v2",otel_scope_name="myscope",le="50.0"} 1 <TIMESTAMP>
myhistogram_bucket{kk="v2",otel_scope_name="myscope",le="75.0"} 1 <TIMESTAMP>
myhistogram_bucket{kk="v2",otel_scope_name="myscope",le="100.0"} 1 <TIMESTAMP>
myhistogram_bucket{kk="v2",otel_scope_name="myscope",le="250.0"} 2 <TIMESTAMP>
myhistogram_bucket{kk="v2",otel_scope_name="myscope",le="500.0"} 2 <TIMESTAMP>
myhistogram_bucket{kk="v2",otel_scope_name="myscope",le="750.0"} 2 <TIMESTAMP>
myhistogram_bucket{kk="v2",otel_scope_name="myscope",le="1000.0"} 2 <TIMESTAMP>
myhistogram_bucket{kk="v2",otel_scope_name="myscope",le="2500.0"} 2 <TIMESTAMP>
myhistogram_bucket{kk="v2",otel_scope_name="myscope",le="5000.0"} 2 <TIMESTAMP>
myhistogram_bucket{kk="v2",otel_scope_name="myscope",le="7500.0"} 2 <TIMESTAMP>
myhistogram_bucket{kk="v2",otel_scope_name="myscope",le="10000.0"} 2 <TIMESTAMP>
myhistogram_bucket{kk="v2",otel_scope_name="myscope",le="+Inf"} 2 <TIMESTAMP>
